@@ Difference #1 Occurrences #2
-/software/components/dirperm/paths/0/owner = root:sys
+/software/components/dirperm/paths/0/owner = root:bin
